// Jest Snapshot v1, https://goo.gl/fbAQLP

exports[`AutoRelease createLabels should create the labels 1`] = `
[MockFunction] {
  "calls": Array [
    Array [
      Map {
        "major" => "major",
        "minor" => "minor",
        "patch" => "patch",
        "skip-release" => "skip-release",
        "release" => "release",
        "prerelease" => "prerelease",
        "internal" => "internal",
        "documentation" => "documentation",
      },
      Object {},
    ],
  ],
  "results": Array [
    Object {
      "isThrow": false,
      "value": undefined,
    },
  ],
}
`;
